// Jest Snapshot v1, https://goo.gl/fbAQLP

exports[`PokemonPicture component should be match with the snapshot 1`] = `[Function]`;
